["a/b/mid.rs"]
["a/b/mid.rs"]
["a/b/c/deep.rs"]
["a/b/mid.rs"]
["a/b/mid.rs"]
["root.rs"]
["a/top.rs"]
["a/b/mid.rs"]
["a/top.rs", "root.rs"]
["a/b", "a/top.rs"]
["a/b/c/deep.rs", "a/b/mid.rs", "a/top.rs"]
["a/b/c/deep.rs", "a/b/mid.rs", "a/top.rs", "crates/one/src/lib.rs", "root.rs"]
["crates/one/src/lib.rs"]
["a/b/mid.rs"]
["root.rs"]
[]
[]
